[kantiandri.datengdong.com/index.html]
[kantiandri.datengdong.com/images/favicon.png]
[backblue.gif]
[fade.gif]
[index.html]
[kantiandri.datengdong.com/uploads/thumbs/gallery/05b4f7818b62bb288e0586abb5ccb6418d49bf28Xu.jpg]
[cdnjs.cloudflare.com/ajax/libs/twitter-bootstrap/4.4.1/css/bootstrap.min.css]
[cdnjs.cloudflare.com/ajax/libs/simplelightbox/1.17.3/simplelightbox.min.css]
[unpkg.com/aos@2.3.1/dist/aos.css]
[cdnjs.cloudflare.com/ajax/libs/OwlCarousel2/2.3.4/assets/owl.carousel.min.css]
[kantiandri.datengdong.com/themes/dancingpiano/stylec924.css]
[kantiandri.datengdong.com/themes/style23cd.css]
[kantiandri.datengdong.com/uploads/original/gallery/05b4f7818b62bb288e0586abb5ccb6418d49bf28.jpg]
[kantiandri.datengdong.com/themes/dancingpiano/images/flower.png]
[datengdong.com/image/protocol/masker.png]
[datengdong.com/image/protocol/distance.png]
[datengdong.com/image/protocol/salam.png]
[datengdong.com/image/protocol/wash.png]
[kantiandri.datengdong.com/themes/dancingpiano/images/flower-2.png]
[kantiandri.datengdong.com/uploads/thumbs/couple/ongwl9bnpb.png]
[kantiandri.datengdong.com/images/instagram.png]
[kantiandri.datengdong.com/uploads/thumbs/couple/ycan16cvmy.png]
[kantiandri.datengdong.com/uploads/original/gallery/17f61d888eda2d6c9e1fc2be28d607cecaa33cfa.jpg]
[kantiandri.datengdong.com/uploads/original/gallery/faa389799a1cacb7f9069bfe5d59c52c61aa8995.jpg]
[kantiandri.datengdong.com/uploads/thumbs/gallery/faa389799a1cacb7f9069bfe5d59c52c61aa8995He.jpg]
[kantiandri.datengdong.com/uploads/original/gallery/0e592dd49e20ef57d1fb23043fbc29e4eaa958ae.jpg]
[kantiandri.datengdong.com/uploads/thumbs/gallery/0e592dd49e20ef57d1fb23043fbc29e4eaa958aezo.jpg]
[kantiandri.datengdong.com/uploads/original/gallery/29ac447601972a1eced188fe47c2a2073be4ce36.jpg]
[kantiandri.datengdong.com/uploads/thumbs/gallery/29ac447601972a1eced188fe47c2a2073be4ce360q.jpg]
[kantiandri.datengdong.com/uploads/original/gallery/6e138b7fc16f62ece347a1c91be03fd2dd06e464.jpg]
[kantiandri.datengdong.com/uploads/thumbs/gallery/6e138b7fc16f62ece347a1c91be03fd2dd06e464Lk.jpg]
[kantiandri.datengdong.com/uploads/original/gallery/bca8f12ab7dfcabc25de00ce56c46c7992ae9b3f.jpg]
[kantiandri.datengdong.com/uploads/thumbs/gallery/bca8f12ab7dfcabc25de00ce56c46c7992ae9b3fhs.jpg]
[kantiandri.datengdong.com/uploads/original/gallery/3da39ddc68c7a6e0a099810ffa4cce4cdcc475dc.jpg]
[kantiandri.datengdong.com/uploads/thumbs/gallery/3da39ddc68c7a6e0a099810ffa4cce4cdcc475dcjb.jpg]
[kantiandri.datengdong.com/uploads/original/gallery/22cfa64d5a978584922e7cc54deeb2415f847602.jpg]
[kantiandri.datengdong.com/uploads/thumbs/gallery/22cfa64d5a978584922e7cc54deeb2415f847602tO.jpg]
[kantiandri.datengdong.com/uploads/original/gallery/549891b1b2ca4dfa3c6d32154f72c00d02ea0953.jpg]
[kantiandri.datengdong.com/uploads/thumbs/gallery/549891b1b2ca4dfa3c6d32154f72c00d02ea0953Rr.jpg]
[kantiandri.datengdong.com/uploads/original/gallery/5585b0c47f2006771a4ddd2b1a2680d0cbafab78.jpg]
[kantiandri.datengdong.com/uploads/thumbs/gallery/5585b0c47f2006771a4ddd2b1a2680d0cbafab78Mp.jpg]
[kantiandri.datengdong.com/uploads/original/gallery/8d098020db766de0206bf0b8b48e43edea5b0480.jpg]
[kantiandri.datengdong.com/uploads/thumbs/gallery/8d098020db766de0206bf0b8b48e43edea5b0480WR.jpg]
[kantiandri.datengdong.com/uploads/original/gallery/8a95c2b59b885914224a00d7526021fe68925d69.jpg]
[kantiandri.datengdong.com/uploads/thumbs/gallery/8a95c2b59b885914224a00d7526021fe68925d69t1.jpg]
[kantiandri.datengdong.com/uploads/thumbs/gallery/17f61d888eda2d6c9e1fc2be28d607cecaa33cfahb.jpg]
[kantiandri.datengdong.com/uploads/original/gallery/6b24ea0a8de47522e5dafb2cf89e14350ffcb558.jpg]
[kantiandri.datengdong.com/uploads/thumbs/gallery/6b24ea0a8de47522e5dafb2cf89e14350ffcb558oj.jpg]
[kantiandri.datengdong.com/uploads/original/gallery/a3ec5df89cfcc78907bb14f317ff1a9a92564652.jpg]
[kantiandri.datengdong.com/uploads/thumbs/gallery/a3ec5df89cfcc78907bb14f317ff1a9a92564652PO.jpg]
[kantiandri.datengdong.com/uploads/original/gallery/4894e45a33b315b85d05de91459813a330e3a941.jpg]
[kantiandri.datengdong.com/uploads/thumbs/gallery/4894e45a33b315b85d05de91459813a330e3a941Gl.jpg]
[kantiandri.datengdong.com/uploads/original/gallery/4d5511df76bf8e3a5875f8679dfcbbc10db33238.jpg]
[kantiandri.datengdong.com/uploads/thumbs/gallery/4d5511df76bf8e3a5875f8679dfcbbc10db33238RM.jpg]
[kantiandri.datengdong.com/uploads/original/gallery/4c3ea72912275517cfadcbba04f8bf3108726692.jpg]
[kantiandri.datengdong.com/uploads/thumbs/gallery/4c3ea72912275517cfadcbba04f8bf3108726692sN.jpg]
[kantiandri.datengdong.com/uploads/original/gallery/5df511e15607e762c79279e5ff72ae06466004d7.jpg]
[kantiandri.datengdong.com/uploads/thumbs/gallery/5df511e15607e762c79279e5ff72ae06466004d7R5.jpg]
[kantiandri.datengdong.com/uploads/original/gallery/5400e3e86adf6c6d75f55966c543ddc458d1eb25.jpg]
[kantiandri.datengdong.com/uploads/thumbs/gallery/5400e3e86adf6c6d75f55966c543ddc458d1eb25Yy.jpg]
[kantiandri.datengdong.com/uploads/original/gallery/10fa72ea41ea1f732cb58bb3e5f77ffa86b06926.jpg]
[kantiandri.datengdong.com/uploads/thumbs/gallery/10fa72ea41ea1f732cb58bb3e5f77ffa86b069266A.jpg]
[kantiandri.datengdong.com/uploads/original/gallery/001a19cf383ce90304b92c2f49b5cc6d2f983f66.jpg]
[kantiandri.datengdong.com/uploads/thumbs/gallery/001a19cf383ce90304b92c2f49b5cc6d2f983f66XZ.jpg]
[kantiandri.datengdong.com/images/logo-color-w.png]
[kantiandri.datengdong.com/uploads/musics/eruiAWb6bE.mp3]
[kantiandri.datengdong.com/images/play-pause.svg]
[kantiandri.datengdong.com/images/gift-donation.png]
[kantiandri.datengdong.com/images/love.png]
[kantiandri.datengdong.com/images/copy.png]
[kantiandri.datengdong.com/images/payment/bca.jpg]
[kantiandri.datengdong.com/images/payment/btpn.jpg]
[cdnjs.cloudflare.com/ajax/libs/jquery/3.4.1/jquery.min.js]
[cdnjs.cloudflare.com/ajax/libs/twitter-bootstrap/4.4.1/js/bootstrap.min.js]
[cdnjs.cloudflare.com/ajax/libs/simplelightbox/1.17.3/simple-lightbox.min.js]
[unpkg.com/aos@2.3.1/dist/aos.js]
[cdn.plyr.io/3.6.8/plyr.css]
[cdn.plyr.io/3.6.8/plyr.js]
[kantiandri.datengdong.com/js/musicv2e209.js]
[cdnjs.cloudflare.com/ajax/libs/OwlCarousel2/2.3.4/owl.carousel.min.js]
[kantiandri.datengdong.com/themes/dancingpiano/custom.js]
[kantiandri.datengdong.com/index.html]
[cdnjs.cloudflare.com/ajax/libs/twitter-bootstrap/4.4.1/css/bootstrap.min.css]
[cdnjs.cloudflare.com/ajax/libs/simplelightbox/1.17.3/simplelightbox.min.css]
[unpkg.com/aos@2.3.1/dist/aos.css]
[cdnjs.cloudflare.com/ajax/libs/OwlCarousel2/2.3.4/assets/owl.video.play.png]
[cdnjs.cloudflare.com/ajax/libs/OwlCarousel2/2.3.4/assets/owl.carousel.min.css]
[kantiandri.datengdong.com/themes/dancingpiano/images/bg.jpg]
[kantiandri.datengdong.com/themes/dancingpiano/images/bg-gradient.png]
[kantiandri.datengdong.com/themes/dancingpiano/images/bg1.jpg]
[kantiandri.datengdong.com/themes/dancingpiano/stylec924.css]
[kantiandri.datengdong.com/themes/style23cd.css]
[kantiandri.datengdong.com/images/play-pause.svg]
[cdn.plyr.io/3.6.8/plyr.css]
